// Jest Snapshot v1, https://goo.gl/fbAQLP

exports[`Professional Component should match snapshot 1`] = `
<DocumentFragment>
  <section
    aria-label="Professional Services"
    class="professional_section layout_padding"
  >
    <div
      class="container"
    >
      <div
        class="row"
      >
        <div
          class="col-md-6"
        >
          <div
            class="img-box"
          >
            <img
              alt="professional-img"
              class=""
              src="mock-professional-image"
            />
          </div>
        </div>
        <div
          class="col-md-6"
        >
          <div
            class="detail-box"
          >
            <h2>
              We Provide Professional 
              <br />
              Home Services.
            </h2>
            <p>
              randomised words which don't look even slightly believable. If you are going to use a passage of Lorem Ipsum, you need to be sure there isn't anything embarrassing hidden in the middle of text. All randomised words which don't look even slightly
            </p>
            <a
              href="/en"
            >
              Read More
            </a>
          </div>
        </div>
      </div>
    </div>
  </section>
</DocumentFragment>
`;
