// Jest Snapshot v1, https://goo.gl/fbAQLP

exports[`Info Component should match snapshot 1`] = `
<DocumentFragment>
  <section
    class="info_section"
  >
    <div
      class="container"
    >
      <h4>
        Get In Touch
      </h4>
      <div
        class="row"
      >
        <div
          class="col-lg-10 mx-auto"
        >
          <div
            class="info_items"
          >
            <div
              class="row"
            >
              <div
                class="col-md-4"
              >
                <a
                  href="/"
                >
                  <div
                    class="item"
                  >
                    <div
                      class="img-box"
                    >
                      <div
                        data-testid="map-marker-icon"
                      />
                    </div>
                    <p>
                      Lorem Ipsum is simply dummy text
                    </p>
                  </div>
                </a>
              </div>
              <div
                class="col-md-4"
              >
                <a
                  href="/"
                >
                  <div
                    class="item"
                  >
                    <div
                      class="img-box"
                    >
                      <div
                        data-testid="phone-icon"
                      />
                    </div>
                    <p>
                      +02 1234567890
                    </p>
                  </div>
                </a>
              </div>
              <div
                class="col-md-4"
              >
                <a
                  href="/"
                >
                  <div
                    class="item"
                  >
                    <div
                      class="img-box"
                    >
                      <div
                        data-testid="envelope-icon"
                      />
                    </div>
                    <p>
                      demo@gmail.com
                    </p>
                  </div>
                </a>
              </div>
            </div>
          </div>
        </div>
      </div>
    </div>
    <div
      class="social-box"
    >
      <h4>
        Follow Us
      </h4>
      <div
        class="box"
      >
        <a
          href="/"
        >
          <div
            data-testid="facebook-icon"
          />
        </a>
        <a
          href="/"
        >
          <div
            data-testid="twitter-icon"
          />
        </a>
        <a
          href="/"
        >
          <div
            data-testid="youtube-icon"
          />
        </a>
        <a
          href="/"
        >
          <div
            data-testid="instagram-icon"
          />
        </a>
      </div>
    </div>
  </section>
</DocumentFragment>
`;
